
Aspire@Acer MINGW64 /
$ cd "E:\Working\HTML-and-CSS\Code School\Projects"

Aspire@Acer MINGW64 /e/Working/HTML-and-CSS/Code School/Projects
$ git clone git@github.com:RajaniCode/HelloCodeSchoolProject.git
Cloning into 'HelloCodeSchoolProject'...
remote: Counting objects: 51, done.
remote: Total 51 (delta 0), reused 0 (delta 0), pack-reused 51
Receiving objects: 100% (51/51), 50.59 KiB | 5.00 KiB/s, done.
Resolving deltas: 100% (20/20), done.

Aspire@Acer MINGW64 /e/Working/HTML-and-CSS/Code School/Projects
$ cd HelloCodeSchoolProject

Aspire@Acer MINGW64 /e/Working/HTML-and-CSS/Code School/Projects/HelloCodeSchoolProject (master)
$ npm --version
2.15.8

Aspire@Acer MINGW64 /e/Working/HTML-and-CSS/Code School/Projects/HelloCodeSchoolProject (master)
$ npm install
npm WARN package.json hello-codeschool-project@1.0.0 No repository field.
npm WARN deprecated to-iso-string@0.0.2: to-iso-string has been deprecated, use @segment/to-iso-string instead.
npm WARN deprecated jade@0.26.3: Jade has been renamed to pug, please install the latest version of pug instead of jade
npm WARN deprecated minimatch@0.3.0: Please update to minimatch 3.0.2 or higher to avoid a RegExp DoS issue
chai@3.5.0 node_modules\chai
+-- assertion-error@1.0.2
+-- type-detect@1.0.0
+-- deep-eql@0.1.3 (type-detect@0.1.1)

mocha@2.5.3 node_modules\mocha
+-- escape-string-regexp@1.0.2
+-- commander@2.3.0
+-- diff@1.4.0
+-- growl@1.9.2
+-- supports-color@1.2.0
+-- to-iso-string@0.0.2
+-- debug@2.2.0 (ms@0.7.1)
+-- mkdirp@0.5.1 (minimist@0.0.8)
+-- jade@0.26.3 (commander@0.6.1, mkdirp@0.3.0)
+-- glob@3.2.11 (inherits@2.0.3, minimatch@0.3.0)

jsdom@9.9.1 node_modules\jsdom
+-- acorn-globals@1.0.9
+-- content-type-parser@1.0.1
+-- webidl-conversions@3.0.1
+-- html-encoding-sniffer@1.0.1
+-- array-equal@1.0.0
+-- abab@1.0.3
+-- sax@1.2.1
+-- xml-name-validator@2.0.1
+-- symbol-tree@3.2.1
+-- nwmatcher@1.3.9
+-- cssom@0.3.1
+-- iconv-lite@0.4.15
+-- tough-cookie@2.3.2 (punycode@1.4.1)
+-- parse5@1.5.1
+-- whatwg-encoding@1.0.1 (iconv-lite@0.4.13)
+-- whatwg-url@4.3.0 (tr46@0.0.3)
+-- acorn@2.7.0
+-- escodegen@1.8.1 (esutils@2.0.2, estraverse@1.9.3, esprima@2.7.3, optionator@0.8.2, source-map@0.2.0)
+-- cssstyle@0.2.37
+-- request@2.79.0 (forever-agent@0.6.1, aws-sign2@0.6.0, oauth-sign@0.8.2, tunnel-agent@0.4.3, is-typedarray@1.0.0, caseless@0.11.0, stringstream@0.0.5, isstream@0.1.2, aws4@1.5.0, json-stringify-safe@5.0.1, extend@3.0.0, uuid@3.0.1, qs@6.3.0, combined-stream@1.0.5, mime-types@2.1.14, form-data@2.1.2, hawk@3.1.3, har-validator@2.0.6, http-signature@1.1.1)

Aspire@Acer MINGW64 /e/Working/HTML-and-CSS/Code School/Projects/HelloCodeSchoolProject (master)
$ npm test

> hello-codeschool-project@1.0.0 test E:\Working\HTML-and-CSS\Code School\Projects\HelloCodeSchoolProject
> mocha test/



  Your HTML Page
    1) "before all" hook


  0 passing (2s)
  1 failing

  1) Your HTML Page "before all" hook:
     Error: timeout of 2000ms exceeded. Ensure the done() callback is being called in this test.
      at null.<anonymous> (E:\Working\HTML-and-CSS\Code School\Projects\HelloCodeSchoolProject\node_modules\mocha\lib\runnable.js:226:19)



npm ERR! Test failed.  See above for more details.

Aspire@Acer MINGW64 /e/Working/HTML-and-CSS/Code School/Projects/HelloCodeSchoolProject (master)
$ npm test

> hello-codeschool-project@1.0.0 test E:\Working\HTML-and-CSS\Code School\Projects\HelloCodeSchoolProject
> mocha test/



  Your HTML Page
    1) "before all" hook


  0 passing (2s)
  1 failing

  1) Your HTML Page "before all" hook:
     Error: timeout of 2000ms exceeded. Ensure the done() callback is being called in this test.
      at null.<anonymous> (E:\Working\HTML-and-CSS\Code School\Projects\HelloCodeSchoolProject\node_modules\mocha\lib\runnable.js:226:19)



npm ERR! Test failed.  See above for more details.

Aspire@Acer MINGW64 /e/Working/HTML-and-CSS/Code School/Projects/HelloCodeSchoolProject (master)
$ npm test

> hello-codeschool-project@1.0.0 test E:\Working\HTML-and-CSS\Code School\Projects\HelloCodeSchoolProject
> mocha test/



  Your HTML Page
    v should have a title @title
    v should have a title that contains your name @title
    v should have a h1 element @h1
    v should have content in the h1 element @h1
    v should have a ul @ul
    v should have at least 2 li elements @li
    v should have content for all `li` elements. @li


  7 passing (63ms)


Aspire@Acer MINGW64 /e/Working/HTML-and-CSS/Code School/Projects/HelloCodeSchoolProject (master)
$ git status
On branch master
Your branch is up-to-date with 'origin/master'.
Changes not staged for commit:
  (use "git add <file>..." to update what will be committed)
  (use "git checkout -- <file>..." to discard changes in working directory)

        modified:   index.html
        modified:   test/index_test.js

no changes added to commit (use "git add" and/or "git commit -a")

Aspire@Acer MINGW64 /e/Working/HTML-and-CSS/Code School/Projects/HelloCodeSchoolProject (master)
$ git branch
* master

Aspire@Acer MINGW64 /e/Working/HTML-and-CSS/Code School/Projects/HelloCodeSchoolProject (master)
$ git add .
warning: CRLF will be replaced by LF in index.html.
The file will have its original line endings in your working directory.

Aspire@Acer MINGW64 /e/Working/HTML-and-CSS/Code School/Projects/HelloCodeSchoolProject (master)
$ git status
On branch master
Your branch is up-to-date with 'origin/master'.
Changes to be committed:
  (use "git reset HEAD <file>..." to unstage)

        modified:   index.html
        modified:   test/index_test.js


Aspire@Acer MINGW64 /e/Working/HTML-and-CSS/Code School/Projects/HelloCodeSchoolProject (master)
$ git branch
* master

Aspire@Acer MINGW64 /e/Working/HTML-and-CSS/Code School/Projects/HelloCodeSchoolProject (master)
$ git commit -a -m "HelloCodeSchoolProject Solution"
[master 7806854] HelloCodeSchoolProject Solution
 2 files changed, 51 insertions(+), 50 deletions(-)
 rewrite test/index_test.js (84%)

Aspire@Acer MINGW64 /e/Working/HTML-and-CSS/Code School/Projects/HelloCodeSchoolProject (master)
$ git push origin master
Counting objects: 5, done.
Delta compression using up to 4 threads.
Compressing objects: 100% (4/4), done.
Writing objects: 100% (5/5), 952 bytes | 0 bytes/s, done.
Total 5 (delta 2), reused 0 (delta 0)
remote: Resolving deltas: 100% (2/2), completed with 2 local objects.
To github.com:RajaniCode/HelloCodeSchoolProject.git
   c1174ac..7806854  master -> master

Aspire@Acer MINGW64 /e/Working/HTML-and-CSS/Code School/Projects/HelloCodeSchoolProject (master)
$ git commit
On branch master
Your branch is up-to-date with 'origin/master'.
nothing to commit, working tree clean

Aspire@Acer MINGW64 /e/Working/HTML-and-CSS/Code School/Projects/HelloCodeSchoolProject (master)
$
